################################################################################
2024-12-22 20:09:21 - APPLICATION START
################################################################################
[2024-12-22T20:09:21.fZ] [INFO] root: Application logging configured.
[2024-12-22T20:09:39.fZ] [INFO] src.socket_handlers: WebSocket connected: uRT0V56ZuP-kP-QuAAAB
[2024-12-22T20:09:41.fZ] [WARNING] yt-dlp: [youtube] Falling back to generic n function search
         player = https://www.youtube.com/s/player/03dbdfab/player_ias.vflset/en_US/base.js
[2024-12-22T20:09:41.fZ] [WARNING] yt-dlp: [youtube] WsFOcu-yHTY: nsig extraction failed: Some formats may be missing
         n = QDFW0uE6xUm7oCPit ; player = https://www.youtube.com/s/player/03dbdfab/player_ias.vflset/en_US/base.js
[2024-12-22T20:09:41.fZ] [WARNING] yt-dlp: [youtube] Falling back to generic n function search
         player = https://www.youtube.com/s/player/03dbdfab/player_ias.vflset/en_US/base.js
[2024-12-22T20:09:41.fZ] [WARNING] yt-dlp: [youtube] WsFOcu-yHTY: nsig extraction failed: Some formats may be missing
         n = KIYqycsLmrdUJT9vM ; player = https://www.youtube.com/s/player/03dbdfab/player_ias.vflset/en_US/base.js
[2024-12-22T20:09:53.fZ] [ERROR] src.transcription_manager: Child process error: Failed to load audio: ffmpeg version 7.1 Copyright (c) 2000-2024 the FFmpeg developers
  built with Apple clang version 16.0.0 (clang-1600.0.26.4)
  configuration: --prefix=/opt/homebrew/Cellar/ffmpeg/7.1_1 --enable-shared --enable-pthreads --enable-version3 --cc=clang --host-cflags= --host-ldflags='-Wl,-ld_classic' --enable-ffplay --enable-gnutls --enable-gpl --enable-libaom --enable-libaribb24 --enable-libbluray --enable-libdav1d --enable-libharfbuzz --enable-libjxl --enable-libmp3lame --enable-libopus --enable-librav1e --enable-librist --enable-librubberband --enable-libsnappy --enable-libsrt --enable-libssh --enable-libsvtav1 --enable-libtesseract --enable-libtheora --enable-libvidstab --enable-libvmaf --enable-libvorbis --enable-libvpx --enable-libwebp --enable-libx264 --enable-libx265 --enable-libxml2 --enable-libxvid --enable-lzma --enable-libfontconfig --enable-libfreetype --enable-frei0r --enable-libass --enable-libopencore-amrnb --enable-libopencore-amrwb --enable-libopenjpeg --enable-libspeex --enable-libsoxr --enable-libzmq --enable-libzimg --disable-libjack --disable-indev=jack --enable-videotoolbox --enable-audiotoolbox --enable-neon
  libavutil      59. 39.100 / 59. 39.100
  libavcodec     61. 19.100 / 61. 19.100
  libavformat    61.  7.100 / 61.  7.100
  libavdevice    61.  3.100 / 61.  3.100
  libavfilter    10.  4.100 / 10.  4.100
  libswscale      8.  3.100 /  8.  3.100
  libswresample   5.  3.100 /  5.  3.100
  libpostproc    58.  3.100 / 58.  3.100
[in#0 @ 0x14701e470] Error opening input: No such file or directory
Error opening input file /var/folders/kl/xmdxbqmx11n_9fl210238dj80000gn/T/transcription_98o3hgkj/audio.mp3.
Error opening input files: No such file or directory

[2024-12-22T20:09:53.fZ] [ERROR] src.transcription_manager: Transcription failed for task_id=ca8d2363-c50f-483d-8fc1-e93758d1c966: Failed to load audio: ffmpeg version 7.1 Copyright (c) 2000-2024 the FFmpeg developers
  built with Apple clang version 16.0.0 (clang-1600.0.26.4)
  configuration: --prefix=/opt/homebrew/Cellar/ffmpeg/7.1_1 --enable-shared --enable-pthreads --enable-version3 --cc=clang --host-cflags= --host-ldflags='-Wl,-ld_classic' --enable-ffplay --enable-gnutls --enable-gpl --enable-libaom --enable-libaribb24 --enable-libbluray --enable-libdav1d --enable-libharfbuzz --enable-libjxl --enable-libmp3lame --enable-libopus --enable-librav1e --enable-librist --enable-librubberband --enable-libsnappy --enable-libsrt --enable-libssh --enable-libsvtav1 --enable-libtesseract --enable-libtheora --enable-libvidstab --enable-libvmaf --enable-libvorbis --enable-libvpx --enable-libwebp --enable-libx264 --enable-libx265 --enable-libxml2 --enable-libxvid --enable-lzma --enable-libfontconfig --enable-libfreetype --enable-frei0r --enable-libass --enable-libopencore-amrnb --enable-libopencore-amrwb --enable-libopenjpeg --enable-libspeex --enable-libsoxr --enable-libzmq --enable-libzimg --disable-libjack --disable-indev=jack --enable-videotoolbox --enable-audiotoolbox --enable-neon
  libavutil      59. 39.100 / 59. 39.100
  libavcodec     61. 19.100 / 61. 19.100
  libavformat    61.  7.100 / 61.  7.100
  libavdevice    61.  3.100 / 61.  3.100
  libavfilter    10.  4.100 / 10.  4.100
  libswscale      8.  3.100 /  8.  3.100
  libswresample   5.  3.100 /  5.  3.100
  libpostproc    58.  3.100 / 58.  3.100
[in#0 @ 0x14701e470] Error opening input: No such file or directory
Error opening input file /var/folders/kl/xmdxbqmx11n_9fl210238dj80000gn/T/transcription_98o3hgkj/audio.mp3.
Error opening input files: No such file or directory

[2024-12-22T20:09:53.fZ] [ERROR] src.transcription_manager: Error in process_transcription (task_id=ca8d2363-c50f-483d-8fc1-e93758d1c966, url=https://www.youtube.com/watch?v=WsFOcu-yHTY)
Traceback (most recent call last):
  File "/Users/ark/Development/Tools/web-toolkit/src/transcription_manager.py", line 387, in process_transcription
    raise RuntimeError(result.get("error", "Transcription failed"))
RuntimeError: Failed to load audio: ffmpeg version 7.1 Copyright (c) 2000-2024 the FFmpeg developers
  built with Apple clang version 16.0.0 (clang-1600.0.26.4)
  configuration: --prefix=/opt/homebrew/Cellar/ffmpeg/7.1_1 --enable-shared --enable-pthreads --enable-version3 --cc=clang --host-cflags= --host-ldflags='-Wl,-ld_classic' --enable-ffplay --enable-gnutls --enable-gpl --enable-libaom --enable-libaribb24 --enable-libbluray --enable-libdav1d --enable-libharfbuzz --enable-libjxl --enable-libmp3lame --enable-libopus --enable-librav1e --enable-librist --enable-librubberband --enable-libsnappy --enable-libsrt --enable-libssh --enable-libsvtav1 --enable-libtesseract --enable-libtheora --enable-libvidstab --enable-libvmaf --enable-libvorbis --enable-libvpx --enable-libwebp --enable-libx264 --enable-libx265 --enable-libxml2 --enable-libxvid --enable-lzma --enable-libfontconfig --enable-libfreetype --enable-frei0r --enable-libass --enable-libopencore-amrnb --enable-libopencore-amrwb --enable-libopenjpeg --enable-libspeex --enable-libsoxr --enable-libzmq --enable-libzimg --disable-libjack --disable-indev=jack --enable-videotoolbox --enable-audiotoolbox --enable-neon
  libavutil      59. 39.100 / 59. 39.100
  libavcodec     61. 19.100 / 61. 19.100
  libavformat    61.  7.100 / 61.  7.100
  libavdevice    61.  3.100 / 61.  3.100
  libavfilter    10.  4.100 / 10.  4.100
  libswscale      8.  3.100 /  8.  3.100
  libswresample   5.  3.100 /  5.  3.100
  libpostproc    58.  3.100 / 58.  3.100
[in#0 @ 0x14701e470] Error opening input: No such file or directory
Error opening input file /var/folders/kl/xmdxbqmx11n_9fl210238dj80000gn/T/transcription_98o3hgkj/audio.mp3.
Error opening input files: No such file or directory

[2024-12-22T20:09:53.fZ] [INFO] src.socket_handlers: WebSocket disconnected: uRT0V56ZuP-kP-QuAAAB
[2024-12-22T20:10:49.fZ] [INFO] root: Application logging configured.
[2024-12-22T20:10:56.fZ] [INFO] root: Application logging configured.
[2024-12-22T20:10:57.fZ] [INFO] src.socket_handlers: WebSocket connected: OYCvD-1bdVPvAwMcAAAB
################################################################################
2024-12-22 20:11:01 - APPLICATION START
################################################################################
[2024-12-22T20:11:01.fZ] [INFO] root: Application logging configured.
[2024-12-22T20:11:02.fZ] [INFO] src.socket_handlers: WebSocket connected: 29JIsmjONenG5JtuAAAB
[2024-12-22T20:11:04.fZ] [INFO] src.socket_handlers: WebSocket disconnected: 29JIsmjONenG5JtuAAAB
[2024-12-22T20:11:05.fZ] [INFO] src.socket_handlers: WebSocket connected: BWLU2A-DvZs3VApKAAAD
[2024-12-22T20:11:06.fZ] [WARNING] yt-dlp: [youtube] Falling back to generic n function search
         player = https://www.youtube.com/s/player/03dbdfab/player_ias.vflset/en_US/base.js
[2024-12-22T20:11:06.fZ] [WARNING] yt-dlp: [youtube] WsFOcu-yHTY: nsig extraction failed: Some formats may be missing
         n = APFsM7PfGvV_3EbYB ; player = https://www.youtube.com/s/player/03dbdfab/player_ias.vflset/en_US/base.js
[2024-12-22T20:11:06.fZ] [WARNING] yt-dlp: [youtube] Falling back to generic n function search
         player = https://www.youtube.com/s/player/03dbdfab/player_ias.vflset/en_US/base.js
[2024-12-22T20:11:06.fZ] [WARNING] yt-dlp: [youtube] WsFOcu-yHTY: nsig extraction failed: Some formats may be missing
         n = 6l4LRoGkX37isftao ; player = https://www.youtube.com/s/player/03dbdfab/player_ias.vflset/en_US/base.js
[2024-12-22T20:11:08.fZ] [WARNING] yt-dlp: [youtube] Falling back to generic n function search
         player = https://www.youtube.com/s/player/03dbdfab/player_ias.vflset/en_US/base.js
[2024-12-22T20:11:08.fZ] [WARNING] yt-dlp: [youtube] WsFOcu-yHTY: nsig extraction failed: Some formats may be missing
         n = FfYpFqdnxWrzDfcNc ; player = https://www.youtube.com/s/player/03dbdfab/player_ias.vflset/en_US/base.js
[2024-12-22T20:11:08.fZ] [WARNING] yt-dlp: [youtube] Falling back to generic n function search
         player = https://www.youtube.com/s/player/03dbdfab/player_ias.vflset/en_US/base.js
[2024-12-22T20:11:08.fZ] [WARNING] yt-dlp: [youtube] WsFOcu-yHTY: nsig extraction failed: Some formats may be missing
         n = qOwFOdDeZFoILr4d_ ; player = https://www.youtube.com/s/player/03dbdfab/player_ias.vflset/en_US/base.js
[2024-12-22T20:11:11.fZ] [ERROR] src.transcription_manager: Error downloading audio from https://www.youtube.com/watch?v=WsFOcu-yHTY: Download completed but file not found at /var/folders/kl/xmdxbqmx11n_9fl210238dj80000gn/T/transcription_lgi2z7az/audio.mp3
Traceback (most recent call last):
  File "/Users/ark/Development/Tools/web-toolkit/src/transcription_manager.py", line 234, in download_audio
    raise RuntimeError(f"Download completed but file not found at {output_path}")
RuntimeError: Download completed but file not found at /var/folders/kl/xmdxbqmx11n_9fl210238dj80000gn/T/transcription_lgi2z7az/audio.mp3
[2024-12-22T20:11:11.fZ] [ERROR] src.transcription_manager: Error in process_transcription (task_id=a31e0e65-b93f-4e6c-a9c3-07c34f95eef7, url=https://www.youtube.com/watch?v=WsFOcu-yHTY)
Traceback (most recent call last):
  File "/Users/ark/Development/Tools/web-toolkit/src/transcription_manager.py", line 234, in download_audio
    raise RuntimeError(f"Download completed but file not found at {output_path}")
RuntimeError: Download completed but file not found at /var/folders/kl/xmdxbqmx11n_9fl210238dj80000gn/T/transcription_lgi2z7az/audio.mp3

During handling of the above exception, another exception occurred:

Traceback (most recent call last):
  File "/Users/ark/Development/Tools/web-toolkit/src/transcription_manager.py", line 318, in process_transcription
    self.download_audio(url, audio_path, dl_cb)
  File "/Users/ark/Development/Tools/web-toolkit/src/transcription_manager.py", line 241, in download_audio
    raise RuntimeError(f"Failed to download audio: {str(e)}")
RuntimeError: Failed to download audio: Download completed but file not found at /var/folders/kl/xmdxbqmx11n_9fl210238dj80000gn/T/transcription_lgi2z7az/audio.mp3
[2024-12-22T20:11:11.fZ] [INFO] src.socket_handlers: WebSocket disconnected: BWLU2A-DvZs3VApKAAAD
[2024-12-22T20:12:18.fZ] [INFO] src.socket_handlers: WebSocket connected: 1dMhrUPs2D08Ru6qAAAF
################################################################################
2024-12-22 20:12:50 - APPLICATION START
################################################################################
[2024-12-22T20:12:50.fZ] [INFO] root: Application logging configured.
[2024-12-22T20:12:51.fZ] [INFO] src.socket_handlers: WebSocket connected: M7MBjyhrZOcPiu3BAAAB
[2024-12-22T20:12:53.fZ] [INFO] src.socket_handlers: WebSocket disconnected: M7MBjyhrZOcPiu3BAAAB
[2024-12-22T20:12:54.fZ] [INFO] src.socket_handlers: WebSocket connected: fmcs7eo13LCtdKnlAAAD
[2024-12-22T20:12:55.fZ] [WARNING] yt-dlp: [youtube] Falling back to generic n function search
         player = https://www.youtube.com/s/player/03dbdfab/player_ias.vflset/en_US/base.js
[2024-12-22T20:12:55.fZ] [WARNING] yt-dlp: [youtube] WsFOcu-yHTY: nsig extraction failed: Some formats may be missing
         n = AjidgC5kMExzmH1V9 ; player = https://www.youtube.com/s/player/03dbdfab/player_ias.vflset/en_US/base.js
[2024-12-22T20:12:56.fZ] [WARNING] yt-dlp: [youtube] Falling back to generic n function search
         player = https://www.youtube.com/s/player/03dbdfab/player_ias.vflset/en_US/base.js
[2024-12-22T20:12:56.fZ] [WARNING] yt-dlp: [youtube] WsFOcu-yHTY: nsig extraction failed: Some formats may be missing
         n = NnZB64rFjWcTRKT4M ; player = https://www.youtube.com/s/player/03dbdfab/player_ias.vflset/en_US/base.js
[2024-12-22T20:12:57.fZ] [WARNING] yt-dlp: [youtube] Falling back to generic n function search
         player = https://www.youtube.com/s/player/03dbdfab/player_ias.vflset/en_US/base.js
[2024-12-22T20:12:57.fZ] [WARNING] yt-dlp: [youtube] WsFOcu-yHTY: nsig extraction failed: Some formats may be missing
         n = MY9UPxc4DQEpqL3NV ; player = https://www.youtube.com/s/player/03dbdfab/player_ias.vflset/en_US/base.js
[2024-12-22T20:12:57.fZ] [WARNING] yt-dlp: [youtube] Falling back to generic n function search
         player = https://www.youtube.com/s/player/03dbdfab/player_ias.vflset/en_US/base.js
[2024-12-22T20:12:57.fZ] [WARNING] yt-dlp: [youtube] WsFOcu-yHTY: nsig extraction failed: Some formats may be missing
         n = Lqbf6AJOzXwTi6rRw ; player = https://www.youtube.com/s/player/03dbdfab/player_ias.vflset/en_US/base.js
[2024-12-22T20:13:00.fZ] [ERROR] src.transcription_manager: Error downloading audio from https://www.youtube.com/watch?v=WsFOcu-yHTY: Download completed but file not found at /var/folders/kl/xmdxbqmx11n_9fl210238dj80000gn/T/transcription_fjesf17f/audio.mp3
Traceback (most recent call last):
  File "/Users/ark/Development/Tools/web-toolkit/src/transcription_manager.py", line 258, in download_audio
    raise RuntimeError(f"Download completed but file not found at {output_path}")
RuntimeError: Download completed but file not found at /var/folders/kl/xmdxbqmx11n_9fl210238dj80000gn/T/transcription_fjesf17f/audio.mp3
[2024-12-22T20:13:00.fZ] [ERROR] src.transcription_manager: Error in process_transcription (task_id=22103aee-e9f5-4305-bc69-5966d71aaadb, url=https://www.youtube.com/watch?v=WsFOcu-yHTY)
Traceback (most recent call last):
  File "/Users/ark/Development/Tools/web-toolkit/src/transcription_manager.py", line 258, in download_audio
    raise RuntimeError(f"Download completed but file not found at {output_path}")
RuntimeError: Download completed but file not found at /var/folders/kl/xmdxbqmx11n_9fl210238dj80000gn/T/transcription_fjesf17f/audio.mp3

During handling of the above exception, another exception occurred:

Traceback (most recent call last):
  File "/Users/ark/Development/Tools/web-toolkit/src/transcription_manager.py", line 354, in process_transcription
    self.download_audio(url, audio_path, dl_cb)
  File "/Users/ark/Development/Tools/web-toolkit/src/transcription_manager.py", line 277, in download_audio
    raise RuntimeError(f"Failed to download audio: {str(e)}")
RuntimeError: Failed to download audio: Download completed but file not found at /var/folders/kl/xmdxbqmx11n_9fl210238dj80000gn/T/transcription_fjesf17f/audio.mp3
[2024-12-22T20:13:00.fZ] [INFO] src.socket_handlers: WebSocket disconnected: fmcs7eo13LCtdKnlAAAD
[2024-12-22T20:13:45.fZ] [INFO] root: Application logging configured.
[2024-12-22T20:13:59.fZ] [INFO] root: Application logging configured.
################################################################################
2024-12-22 20:14:02 - APPLICATION START
################################################################################
[2024-12-22T20:14:02.fZ] [INFO] root: Application logging configured.
[2024-12-22T20:14:07.fZ] [INFO] src.socket_handlers: WebSocket connected: AuNYG80qf_hfqoeSAAAB
[2024-12-22T20:14:21.fZ] [INFO] src.socket_handlers: WebSocket disconnected: AuNYG80qf_hfqoeSAAAB
[2024-12-22T20:14:22.fZ] [INFO] src.socket_handlers: WebSocket connected: J5W3QrkGZyzIu2rLAAAD
[2024-12-22T20:14:23.fZ] [WARNING] yt-dlp: [youtube] Falling back to generic n function search
         player = https://www.youtube.com/s/player/03dbdfab/player_ias.vflset/en_US/base.js
[2024-12-22T20:14:23.fZ] [WARNING] yt-dlp: [youtube] WsFOcu-yHTY: nsig extraction failed: Some formats may be missing
         n = xgWR00JxX0MSa1ke4 ; player = https://www.youtube.com/s/player/03dbdfab/player_ias.vflset/en_US/base.js
[2024-12-22T20:14:24.fZ] [WARNING] yt-dlp: [youtube] Falling back to generic n function search
         player = https://www.youtube.com/s/player/03dbdfab/player_ias.vflset/en_US/base.js
[2024-12-22T20:14:24.fZ] [WARNING] yt-dlp: [youtube] WsFOcu-yHTY: nsig extraction failed: Some formats may be missing
         n = xJao1qAYGvDKirV9i ; player = https://www.youtube.com/s/player/03dbdfab/player_ias.vflset/en_US/base.js
[2024-12-22T20:15:27.fZ] [INFO] src.socket_handlers: WebSocket disconnected: J5W3QrkGZyzIu2rLAAAD
[2024-12-22T20:15:32.fZ] [INFO] src.socket_handlers: WebSocket connected: BEpY_VSD9FwctI6YAAAF
[2024-12-22T20:16:32.fZ] [INFO] src.socket_handlers: WebSocket disconnected: BEpY_VSD9FwctI6YAAAF
[2024-12-22T20:17:16.fZ] [INFO] src.transcription_manager: Transcription completed successfully, task_id=bc3da6e9-ed5c-43cf-b63e-820077cfd2c8
[2024-12-22T20:20:44.fZ] [INFO] root: Application logging configured.
[2024-12-22T20:23:13.fZ] [INFO] root: Application logging configured.
[2024-12-22T20:23:17.fZ] [INFO] src.socket_handlers: WebSocket connected: OKyqfbpPNcqYlCU2AAAB
[2024-12-22T20:23:18.fZ] [WARNING] yt-dlp: [youtube] Falling back to generic n function search
         player = https://www.youtube.com/s/player/03dbdfab/player_ias.vflset/en_US/base.js
[2024-12-22T20:23:18.fZ] [WARNING] yt-dlp: [youtube] WsFOcu-yHTY: nsig extraction failed: Some formats may be missing
         n = anRf6W1Ns44g0FOV8 ; player = https://www.youtube.com/s/player/03dbdfab/player_ias.vflset/en_US/base.js
[2024-12-22T20:23:18.fZ] [WARNING] yt-dlp: [youtube] Falling back to generic n function search
         player = https://www.youtube.com/s/player/03dbdfab/player_ias.vflset/en_US/base.js
[2024-12-22T20:23:18.fZ] [WARNING] yt-dlp: [youtube] WsFOcu-yHTY: nsig extraction failed: Some formats may be missing
         n = UZpHrgZkRaI1YNvMj ; player = https://www.youtube.com/s/player/03dbdfab/player_ias.vflset/en_US/base.js
[2024-12-22T20:24:22.fZ] [INFO] src.socket_handlers: WebSocket disconnected: OKyqfbpPNcqYlCU2AAAB
[2024-12-22T20:24:27.fZ] [INFO] src.socket_handlers: WebSocket connected: 8exn82rgDk9ItZORAAAD
[2024-12-22T20:25:27.fZ] [INFO] src.socket_handlers: WebSocket disconnected: 8exn82rgDk9ItZORAAAD
[2024-12-22T20:26:28.fZ] [INFO] src.transcription_manager: Transcription completed successfully, task_id=81f37bb0-d452-4960-97e8-a0c51e76b27d
[2024-12-22T20:32:18.fZ] [INFO] root: Application logging configured.
[2024-12-22T20:32:34.fZ] [INFO] root: Application logging configured.
[2024-12-22T20:32:35.fZ] [INFO] engineio.server: Server initialized for gevent.
[2024-12-22T20:32:43.fZ] [INFO] root: Application logging configured.
[2024-12-22T20:32:44.fZ] [INFO] engineio.server: Server initialized for gevent.
[2024-12-22T20:33:46.fZ] [INFO] root: Application logging configured.
[2024-12-22T20:33:47.fZ] [INFO] engineio.server: Server initialized for gevent.
################################################################################
2024-12-22 20:33:50 - APPLICATION START
################################################################################
[2024-12-22T20:33:50.fZ] [INFO] root: Application logging configured.
[2024-12-22T20:33:51.fZ] [INFO] engineio.server: Server initialized for gevent.
[2024-12-22T20:33:53.fZ] [INFO] engineio.server: AMWbXpTGWzhJXmCTAAAA: Sending packet OPEN data {'sid': 'AMWbXpTGWzhJXmCTAAAA', 'upgrades': [], 'pingTimeout': 120000, 'pingInterval': 15000}
[2024-12-22T20:33:53.fZ] [INFO] engineio.server: AMWbXpTGWzhJXmCTAAAA: Received request to upgrade to websocket
[2024-12-22T20:33:53.fZ] [INFO] engineio.server: AMWbXpTGWzhJXmCTAAAA: Upgrade to websocket successful
[2024-12-22T20:33:53.fZ] [INFO] engineio.server: AMWbXpTGWzhJXmCTAAAA: Received packet MESSAGE data 0
[2024-12-22T20:33:53.fZ] [INFO] src.socket_handlers: WebSocket connected: 6blMZyerVC8VKOkIAAAB
[2024-12-22T20:33:53.fZ] [INFO] socketio.server: 6blMZyerVC8VKOkIAAAB is entering room 6blMZyerVC8VKOkIAAAB [/]
[2024-12-22T20:33:53.fZ] [INFO] socketio.server: emitting event "connection_established" to 6blMZyerVC8VKOkIAAAB [/]
[2024-12-22T20:33:53.fZ] [INFO] engineio.server: AMWbXpTGWzhJXmCTAAAA: Sending packet MESSAGE data 2["connection_established",{"status":"connected"}]
[2024-12-22T20:33:53.fZ] [INFO] engineio.server: AMWbXpTGWzhJXmCTAAAA: Sending packet MESSAGE data 0{"sid":"6blMZyerVC8VKOkIAAAB"}
[2024-12-22T20:33:54.fZ] [WARNING] yt-dlp: [youtube] Falling back to generic n function search
         player = https://www.youtube.com/s/player/03dbdfab/player_ias.vflset/en_US/base.js
[2024-12-22T20:33:54.fZ] [WARNING] yt-dlp: [youtube] WsFOcu-yHTY: nsig extraction failed: Some formats may be missing
         n = HtaCiPuWPXvu_vnV2 ; player = https://www.youtube.com/s/player/03dbdfab/player_ias.vflset/en_US/base.js
[2024-12-22T20:33:54.fZ] [WARNING] yt-dlp: [youtube] Falling back to generic n function search
         player = https://www.youtube.com/s/player/03dbdfab/player_ias.vflset/en_US/base.js
[2024-12-22T20:33:54.fZ] [WARNING] yt-dlp: [youtube] WsFOcu-yHTY: nsig extraction failed: Some formats may be missing
         n = fKA0E8VsjWJUrJQN_ ; player = https://www.youtube.com/s/player/03dbdfab/player_ias.vflset/en_US/base.js
[2024-12-22T20:33:55.fZ] [INFO] socketio.server: emitting event "transcription_progress" to 6blMZyerVC8VKOkIAAAB [/]
[2024-12-22T20:33:55.fZ] [INFO] engineio.server: AMWbXpTGWzhJXmCTAAAA: Sending packet MESSAGE data 2["transcription_progress",{"task_id":"bac2fd14-9bc6-4aae-9b66-1e182a24c613","progress":0.006893210658716736,"message":"Downloading audio...","download_speed":"0.4 MB/s","eta":"10s"}]
[2024-12-22T20:33:57.fZ] [INFO] socketio.server: emitting event "transcription_progress" to 6blMZyerVC8VKOkIAAAB [/]
[2024-12-22T20:33:57.fZ] [INFO] engineio.server: AMWbXpTGWzhJXmCTAAAA: Sending packet MESSAGE data 2["transcription_progress",{"task_id":"bac2fd14-9bc6-4aae-9b66-1e182a24c613","progress":30.0,"message":"Downloading audio...","download_speed":null,"eta":null}]
[2024-12-22T20:34:08.fZ] [INFO] engineio.server: AMWbXpTGWzhJXmCTAAAA: Sending packet PING data None
[2024-12-22T20:34:08.fZ] [INFO] engineio.server: AMWbXpTGWzhJXmCTAAAA: Received packet PONG data 
[2024-12-22T20:34:23.fZ] [INFO] engineio.server: AMWbXpTGWzhJXmCTAAAA: Sending packet PING data None
[2024-12-22T20:34:23.fZ] [INFO] engineio.server: AMWbXpTGWzhJXmCTAAAA: Received packet PONG data 
[2024-12-22T20:34:31.fZ] [INFO] src.socket_handlers: WebSocket disconnected: 6blMZyerVC8VKOkIAAAB
################################################################################
2024-12-22 20:34:41 - APPLICATION START
################################################################################
[2024-12-22T20:34:41.fZ] [INFO] root: Application logging configured.
[2024-12-22T20:34:47.fZ] [INFO] src.socket_handlers: WebSocket connected: 6ajubQDC2okalIbkAAAB
[2024-12-22T20:34:48.fZ] [INFO] src.transcription_manager: YouTube transcript only method complete for task_id=4881914a-39d5-445e-8efe-ac7987d575e0
[2024-12-22T20:34:48.fZ] [INFO] src.socket_handlers: WebSocket disconnected: 6ajubQDC2okalIbkAAAB
[2024-12-22T20:34:56.fZ] [INFO] src.socket_handlers: WebSocket connected: f1eBsco6NP5o7ttcAAAD
[2024-12-22T20:34:58.fZ] [WARNING] yt-dlp: [youtube] Falling back to generic n function search
         player = https://www.youtube.com/s/player/03dbdfab/player_ias.vflset/en_US/base.js
[2024-12-22T20:34:58.fZ] [WARNING] yt-dlp: [youtube] WsFOcu-yHTY: nsig extraction failed: Some formats may be missing
         n = kGXGiDiY5zMJNcm5O ; player = https://www.youtube.com/s/player/03dbdfab/player_ias.vflset/en_US/base.js
[2024-12-22T20:34:58.fZ] [WARNING] yt-dlp: [youtube] Falling back to generic n function search
         player = https://www.youtube.com/s/player/03dbdfab/player_ias.vflset/en_US/base.js
[2024-12-22T20:34:58.fZ] [WARNING] yt-dlp: [youtube] WsFOcu-yHTY: nsig extraction failed: Some formats may be missing
         n = saYWwzb8J6UJ69hLe ; player = https://www.youtube.com/s/player/03dbdfab/player_ias.vflset/en_US/base.js
[2024-12-22T20:35:56.fZ] [INFO] src.socket_handlers: WebSocket connected: 39aBNz-7I8BVvw-vAAAF
[2024-12-22T20:36:01.fZ] [INFO] src.socket_handlers: WebSocket disconnected: f1eBsco6NP5o7ttcAAAD
[2024-12-22T20:36:06.fZ] [INFO] src.socket_handlers: WebSocket connected: BC7TrcchynO7WryxAAAH
[2024-12-22T20:36:56.fZ] [INFO] src.socket_handlers: WebSocket disconnected: 39aBNz-7I8BVvw-vAAAF
[2024-12-22T20:37:06.fZ] [INFO] src.socket_handlers: WebSocket disconnected: BC7TrcchynO7WryxAAAH
[2024-12-22T20:38:25.fZ] [INFO] src.transcription_manager: Transcription completed successfully, task_id=2928ce20-cf9b-4b98-b909-9b5779030282
[2024-12-22T20:38:50.fZ] [INFO] root: Application logging configured.
[2024-12-22T20:38:56.fZ] [INFO] root: Application logging configured.
[2024-12-22T20:47:27.fZ] [INFO] root: Application logging configured.
################################################################################
2024-12-22 20:47:31 - APPLICATION START
################################################################################
[2024-12-22T20:47:31.fZ] [INFO] root: Application logging configured.
[2024-12-22T20:47:31.fZ] [INFO] root: Application logging configured.
[2024-12-22T20:54:56.fZ] [INFO] root: Application logging configured.
[2024-12-22T20:54:56.fZ] [INFO] root: Application logging configured.
################################################################################
2024-12-22 20:55:00 - APPLICATION START
################################################################################
[2024-12-22T20:55:00.fZ] [INFO] root: Application logging configured.
[2024-12-22T20:55:00.fZ] [INFO] root: Application logging configured.
################################################################################
2024-12-22 20:56:16 - APPLICATION START
################################################################################
[2024-12-22T20:56:16.fZ] [INFO] root: Application logging configured.
[2024-12-22T20:56:16.fZ] [INFO] root: Application logging configured.
################################################################################
2024-12-22 20:56:23 - APPLICATION START
################################################################################
[2024-12-22T20:56:23.fZ] [INFO] root: Application logging configured.
################################################################################
2024-12-22 20:59:50 - APPLICATION START
################################################################################
[2024-12-22T20:59:50.fZ] [INFO] root: Application logging configured.
[2024-12-22T20:59:55.fZ] [INFO] src.socket_handlers: WebSocket connected: 08yHY0Vj6b9z8OnVAAAB
[2024-12-22T20:59:56.fZ] [WARNING] yt-dlp: [youtube] Falling back to generic n function search
         player = https://www.youtube.com/s/player/03dbdfab/player_ias.vflset/en_US/base.js
[2024-12-22T20:59:56.fZ] [WARNING] yt-dlp: [youtube] WsFOcu-yHTY: nsig extraction failed: Some formats may be missing
         n = btBI57iScR2fS80zR ; player = https://www.youtube.com/s/player/03dbdfab/player_ias.vflset/en_US/base.js
[2024-12-22T20:59:56.fZ] [WARNING] yt-dlp: [youtube] Falling back to generic n function search
         player = https://www.youtube.com/s/player/03dbdfab/player_ias.vflset/en_US/base.js
[2024-12-22T20:59:56.fZ] [WARNING] yt-dlp: [youtube] WsFOcu-yHTY: nsig extraction failed: Some formats may be missing
         n = vG-PyAx7NpuIZPAcC ; player = https://www.youtube.com/s/player/03dbdfab/player_ias.vflset/en_US/base.js
[2024-12-22T21:00:00.fZ] [WARNING] py.warnings: /Users/ark/Development/Tools/web-toolkit/.venv/lib/python3.12/site-packages/whisper/__init__.py:150: FutureWarning: You are using `torch.load` with `weights_only=False` (the current default value), which uses the default pickle module implicitly. It is possible to construct malicious pickle data which will execute arbitrary code during unpickling (See https://github.com/pytorch/pytorch/blob/main/SECURITY.md#untrusted-models for more details). In a future release, the default value for `weights_only` will be flipped to `True`. This limits the functions that could be executed during unpickling. Arbitrary objects will no longer be allowed to be loaded via this mode unless they are explicitly allowlisted by the user via `torch.serialization.add_safe_globals`. We recommend you start setting `weights_only=True` for any use case where you don't have full control of the loaded file. Please open an issue on GitHub for any issues related to this experimental feature.
  checkpoint = torch.load(fp, map_location=device)

[2024-12-22T21:00:07.fZ] [WARNING] py.warnings: /Users/ark/Development/Tools/web-toolkit/.venv/lib/python3.12/site-packages/whisper/transcribe.py:126: UserWarning: FP16 is not supported on CPU; using FP32 instead
  warnings.warn("FP16 is not supported on CPU; using FP32 instead")

[2024-12-22T21:03:11.fZ] [INFO] src.transcription_manager: Transcription completed successfully, task_id=1380932f-f102-4b34-9ba5-3de4155cd81d
[2024-12-22T21:03:11.fZ] [INFO] src.socket_handlers: WebSocket disconnected: 08yHY0Vj6b9z8OnVAAAB
[2024-12-22T21:03:11.fZ] [INFO] root: Application logging configured.
[2024-12-22T21:05:24.fZ] [INFO] root: Application logging configured.
[2024-12-22T21:05:35.fZ] [INFO] root: Application logging configured.
[2024-12-22T21:06:12.fZ] [INFO] root: Application logging configured.
################################################################################
2024-12-22 21:06:17 - APPLICATION START
################################################################################
[2024-12-22T21:06:17.fZ] [INFO] root: Application logging configured.
[2024-12-22T21:07:15.fZ] [INFO] root: Application logging configured.
[2024-12-22T21:07:28.fZ] [INFO] root: Application logging configured.
################################################################################
2024-12-22 21:25:47 - APPLICATION START
################################################################################
[2024-12-22T21:25:47.fZ] [INFO] root: Application logging configured.
[2024-12-22T21:25:57.fZ] [INFO] src.socket_handlers: WebSocket connected: oCegSw67AjicdEaIAAAB
[2024-12-22T21:25:58.fZ] [WARNING] yt-dlp: [youtube] Falling back to generic n function search
         player = https://www.youtube.com/s/player/03dbdfab/player_ias.vflset/en_US/base.js
[2024-12-22T21:25:58.fZ] [WARNING] yt-dlp: [youtube] WsFOcu-yHTY: nsig extraction failed: Some formats may be missing
         n = xpcdeHSAsIPlVrSxm ; player = https://www.youtube.com/s/player/03dbdfab/player_ias.vflset/en_US/base.js
[2024-12-22T21:25:58.fZ] [WARNING] yt-dlp: [youtube] Falling back to generic n function search
         player = https://www.youtube.com/s/player/03dbdfab/player_ias.vflset/en_US/base.js
[2024-12-22T21:25:58.fZ] [WARNING] yt-dlp: [youtube] WsFOcu-yHTY: nsig extraction failed: Some formats may be missing
         n = WOE3wxcl464s7JiW8 ; player = https://www.youtube.com/s/player/03dbdfab/player_ias.vflset/en_US/base.js
[2024-12-22T21:27:02.fZ] [INFO] src.socket_handlers: WebSocket disconnected: oCegSw67AjicdEaIAAAB
[2024-12-22T21:27:06.fZ] [INFO] src.socket_handlers: WebSocket connected: NdEFbtE6MKQPcqhsAAAD
[2024-12-22T21:28:06.fZ] [INFO] src.socket_handlers: WebSocket disconnected: NdEFbtE6MKQPcqhsAAAD
[2024-12-22T21:28:08.fZ] [INFO] src.transcription_manager: Transcription completed successfully, task_id=f74c51de-058c-4f2c-8947-a20787cedba9
[2024-12-22T21:30:48.fZ] [INFO] src.socket_handlers: WebSocket connected: JRIkjYSxsiRCpx7AAAAF
[2024-12-22T21:30:50.fZ] [WARNING] yt-dlp: [youtube] Falling back to generic n function search
         player = https://www.youtube.com/s/player/03dbdfab/player_ias.vflset/en_US/base.js
[2024-12-22T21:30:50.fZ] [WARNING] yt-dlp: [youtube] WsFOcu-yHTY: nsig extraction failed: Some formats may be missing
         n = qUYOkYabROQUT1jmh ; player = https://www.youtube.com/s/player/03dbdfab/player_ias.vflset/en_US/base.js
[2024-12-22T21:30:50.fZ] [WARNING] yt-dlp: [youtube] Falling back to generic n function search
         player = https://www.youtube.com/s/player/03dbdfab/player_ias.vflset/en_US/base.js
[2024-12-22T21:30:50.fZ] [WARNING] yt-dlp: [youtube] WsFOcu-yHTY: nsig extraction failed: Some formats may be missing
         n = Gd_vi3f4k_a1FhzLL ; player = https://www.youtube.com/s/player/03dbdfab/player_ias.vflset/en_US/base.js
[2024-12-22T21:31:53.fZ] [INFO] src.socket_handlers: WebSocket disconnected: JRIkjYSxsiRCpx7AAAAF
[2024-12-22T21:31:58.fZ] [INFO] src.socket_handlers: WebSocket connected: SxgyLBPH1ARETPBMAAAH
[2024-12-22T21:32:58.fZ] [INFO] src.socket_handlers: WebSocket disconnected: SxgyLBPH1ARETPBMAAAH
[2024-12-22T21:33:08.fZ] [INFO] src.transcription_manager: Transcription completed successfully, task_id=fd894d42-8757-4b56-8c80-9fc864d9f69c
[2024-12-22T21:34:46.fZ] [INFO] root: Application logging configured.
[2024-12-22T21:35:10.fZ] [INFO] root: Application logging configured.
################################################################################
2024-12-22 21:35:17 - APPLICATION START
################################################################################
[2024-12-22T21:35:17.fZ] [INFO] root: Application logging configured.
[2024-12-22T21:35:21.fZ] [INFO] src.socket_handlers: WebSocket connected: DbrV14o8KW3i9z0wAAAB
[2024-12-22T21:35:22.fZ] [WARNING] yt-dlp: [youtube] Falling back to generic n function search
         player = https://www.youtube.com/s/player/03dbdfab/player_ias.vflset/en_US/base.js
[2024-12-22T21:35:22.fZ] [WARNING] yt-dlp: [youtube] WsFOcu-yHTY: nsig extraction failed: Some formats may be missing
         n = XMA8NSgIFvjGAWONa ; player = https://www.youtube.com/s/player/03dbdfab/player_ias.vflset/en_US/base.js
[2024-12-22T21:35:22.fZ] [WARNING] yt-dlp: [youtube] Falling back to generic n function search
         player = https://www.youtube.com/s/player/03dbdfab/player_ias.vflset/en_US/base.js
[2024-12-22T21:35:22.fZ] [WARNING] yt-dlp: [youtube] WsFOcu-yHTY: nsig extraction failed: Some formats may be missing
         n = hg9AB71SlAt8cNorF ; player = https://www.youtube.com/s/player/03dbdfab/player_ias.vflset/en_US/base.js
[2024-12-22T21:36:26.fZ] [INFO] src.socket_handlers: WebSocket disconnected: DbrV14o8KW3i9z0wAAAB
[2024-12-22T21:36:30.fZ] [INFO] src.socket_handlers: WebSocket connected: 1StjlT2rj2ogd2VQAAAD
[2024-12-22T21:37:30.fZ] [INFO] src.socket_handlers: WebSocket disconnected: 1StjlT2rj2ogd2VQAAAD
[2024-12-22T21:38:13.fZ] [INFO] src.transcription_manager: Transcription completed successfully, task_id=3363956c-7c1c-4387-8a33-694ad093f790
################################################################################
2024-12-22 21:40:39 - APPLICATION START
################################################################################
[2024-12-22T21:40:39.fZ] [INFO] root: Application logging configured.
[2024-12-22T21:40:42.fZ] [INFO] src.socket_handlers: WebSocket connected: mF6zncZJ8mx7XCOQAAAB
[2024-12-22T21:40:44.fZ] [WARNING] yt-dlp: [youtube] Falling back to generic n function search
         player = https://www.youtube.com/s/player/03dbdfab/player_ias.vflset/en_US/base.js
[2024-12-22T21:40:44.fZ] [WARNING] yt-dlp: [youtube] WsFOcu-yHTY: nsig extraction failed: Some formats may be missing
         n = uG5AeA7VHL8R3YSQz ; player = https://www.youtube.com/s/player/03dbdfab/player_ias.vflset/en_US/base.js
[2024-12-22T21:40:44.fZ] [WARNING] yt-dlp: [youtube] Falling back to generic n function search
         player = https://www.youtube.com/s/player/03dbdfab/player_ias.vflset/en_US/base.js
[2024-12-22T21:40:44.fZ] [WARNING] yt-dlp: [youtube] WsFOcu-yHTY: nsig extraction failed: Some formats may be missing
         n = P29Nuzd5KM01mOJZa ; player = https://www.youtube.com/s/player/03dbdfab/player_ias.vflset/en_US/base.js
[2024-12-22T21:41:48.fZ] [INFO] src.socket_handlers: WebSocket disconnected: mF6zncZJ8mx7XCOQAAAB
[2024-12-22T21:41:52.fZ] [INFO] src.socket_handlers: WebSocket connected: V_ED9FcCS_ynG4vXAAAD
[2024-12-22T21:42:52.fZ] [INFO] src.socket_handlers: WebSocket disconnected: V_ED9FcCS_ynG4vXAAAD
[2024-12-22T21:43:16.fZ] [INFO] src.transcription_manager: Transcription completed successfully, task_id=9d0972c9-9810-4fed-bb94-3ef410d0d78b
################################################################################
2024-12-22 22:16:01 - APPLICATION START
################################################################################
[2024-12-22T22:16:02.fZ] [INFO] root: Application logging configured.
[2024-12-22T22:16:14.fZ] [INFO] src.socket_handlers: WebSocket connected: yCrJRrYbQtNHVzPQAAAB
[2024-12-22T22:16:15.fZ] [WARNING] yt-dlp: [youtube] Falling back to generic n function search
         player = https://www.youtube.com/s/player/03dbdfab/player_ias.vflset/en_US/base.js
[2024-12-22T22:16:15.fZ] [WARNING] yt-dlp: [youtube] WsFOcu-yHTY: nsig extraction failed: Some formats may be missing
         n = ZH_gNtmUMkrmAEi59 ; player = https://www.youtube.com/s/player/03dbdfab/player_ias.vflset/en_US/base.js
[2024-12-22T22:16:15.fZ] [WARNING] yt-dlp: [youtube] Falling back to generic n function search
         player = https://www.youtube.com/s/player/03dbdfab/player_ias.vflset/en_US/base.js
[2024-12-22T22:16:15.fZ] [WARNING] yt-dlp: [youtube] WsFOcu-yHTY: nsig extraction failed: Some formats may be missing
         n = vH4g9U0pkARfDCFv3 ; player = https://www.youtube.com/s/player/03dbdfab/player_ias.vflset/en_US/base.js
[2024-12-22T22:17:19.fZ] [INFO] src.socket_handlers: WebSocket disconnected: yCrJRrYbQtNHVzPQAAAB
[2024-12-22T22:19:05.fZ] [INFO] src.transcription_manager: Transcription completed successfully, task_id=8f94e80e-ef8e-4de6-a4c5-29880ac6cf56
